// Jest Snapshot v1, https://goo.gl/fbAQLP

exports[`List snapshot renders 1`] = `
<div
  className="listItem"
/>
`;
